Hello from Flick!